c --- [ banner ] -------------------------------------------------------------
c 
c CaDiCaL SAT Solver
c Copyright (c) 2016-2024
c A. Biere, M. Fleury, N. Froleyks, K. Fazekas, F. Pollitt, T. Faller
c JKU Linz, University of Freiburg, TU Wien
c 
c Version 2.1.3 f13d74439a5b5c963ac5b02d05ce93a8098018b8
c Apple clang version 17.0.0 (clang-1700.0.13.5) -Wall -Wextra -O3 -DNDEBUG -DNCLOSEFROM
c Fri Oct 24 16:32:22 KST 2025 Darwin baegjaehyeon-ui-MacBookAir.local 24.6.0 arm64
c 
c --- [ parsing input ] ------------------------------------------------------
c 
c reading DIMACS file from '/Users/baegjaehyeon/CodeEvolve/results/tmp/lambda7_k15.cnf'
c opening file to read '/Users/baegjaehyeon/CodeEvolve/results/tmp/lambda7_k15.cnf'
c found 'p cnf 99 3410' header
c parsed 3410 clauses in 0.00 seconds process time
c 
c --- [ options ] ------------------------------------------------------------
c 
c all options are set to their default value
c 
c --- [ solving ] ------------------------------------------------------------
c 
c time measured in process time since initialization
c 
c  seconds  reductions  redundant irredundant
c         MB    restarts       trail    variables
c          level   conflicts       glue     remaining
c 
c *  0.00  0  0 0   0    0    0  0% 0 3410  99 100%
c {  0.00  0  0 0   0    0    0  0% 0 3410  99 100%
c i  0.00  0  2 0   0   11    5 62% 2 3410  98 99%
c }  0.00  0  3 0   0   19   13 61% 3 3410  98 99%
c 1  0.00  0  3 0   0   19   13 61% 3 3410  98 99%
c 
c --- [ result ] -------------------------------------------------------------
c 
s SATISFIABLE
v 1 -2 -3 -4 -5 -6 -7 -8 -9 -10 -11 12 -13 -14 -15 -16 -17 -18 -19 -20 -21 22
v -23 -24 -25 -26 -27 -28 29 -30 -31 -32 -33 -34 -35 -36 37 -38 -39 -40 -41 42
v -43 -44 -45 46 -47 -48 -49 -50 -51 -52 -53 -54 55 -56 -57 -58 -59 -60 -61 62
v -63 -64 -65 -66 -67 -68 -69 70 -71 -72 -73 74 -75 -76 -77 78 -79 -80 -81 -82
v -83 -84 -85 86 -87 -88 -89 -90 91 -92 -93 -94 -95 -96 -97 98 -99 0
c 
c --- [ run-time profiling ] -------------------------------------------------
c 
c process time taken by individual solving procedures
c (percentage relative to process time for solving)
c 
c         0.00  151.81% parse
c         0.00   79.74% search
c         0.00   58.00% unstable
c         0.00   19.62% lucky
c         0.00    0.00% simplify
c   =================================
c         0.00   26.86% solve
c 
c last line shows process time for solving
c (percentage relative to total process time)
c 
c --- [ statistics ] ---------------------------------------------------------
c 
c chronological:                 1         5.26 %  of conflicts
c conflicts:                    19     40511.73    per second
c decisions:                    24     51172.71    per second
c fixed:                         1         1.01 %  of all variables
c learned:                      19       100.00 %  per conflict
c learned_lits:                134       100.00 %  learned literals
c minimized:                     0         0.00 %  learned literals
c shrunken:                     52        38.81 %  learned literals
c minishrunken:                  0         0.00 %  learned literals
c otfs:                          0         0.00 %  of conflict
c propagations:                598         1.28 M  per second
c subsumed:                      5         0.15 %  of all clauses
c 
c seconds are measured in process time for solving
c 
c --- [ resources ] ----------------------------------------------------------
c 
c total process time since initialization:         0.00    seconds
c total real time since initialization:            0.08    seconds
c maximum resident set size of process:         2112.00    MB
c 
c --- [ shutting down ] ------------------------------------------------------
c 
c exit 10
