c --- [ banner ] -------------------------------------------------------------
c 
c CaDiCaL SAT Solver
c Copyright (c) 2016-2024
c A. Biere, M. Fleury, N. Froleyks, K. Fazekas, F. Pollitt, T. Faller
c JKU Linz, University of Freiburg, TU Wien
c 
c Version 2.1.3 f13d74439a5b5c963ac5b02d05ce93a8098018b8
c Apple clang version 17.0.0 (clang-1700.0.13.5) -Wall -Wextra -O3 -DNDEBUG -DNCLOSEFROM
c Fri Oct 24 16:32:22 KST 2025 Darwin baegjaehyeon-ui-MacBookAir.local 24.6.0 arm64
c 
c --- [ parsing input ] ------------------------------------------------------
c 
c reading DIMACS file from 'repair_31_28_complete_r3_d50_c3.cnf'
c opening file to read 'repair_31_28_complete_r3_d50_c3.cnf'
c found 'p cnf 23167 73578' header
c parsed 73578 clauses in 0.01 seconds process time
c 
c --- [ options ] ------------------------------------------------------------
c 
c all options are set to their default value
c 
c --- [ solving ] ------------------------------------------------------------
c 
c time measured in process time since initialization
c 
c  seconds  reductions  redundant irredundant
c         MB    restarts       trail     variables
c          level   conflicts       glue       remaining
c 
c 0  0.01  0  0 0   0    0    0  0% 0 1726 23034 99%
c 
c --- [ result ] -------------------------------------------------------------
c 
s UNSATISFIABLE
c 
c --- [ run-time profiling ] -------------------------------------------------
c 
c process time taken by individual solving procedures
c (percentage relative to process time for solving)
c 
c         0.01 21860.98% parse
c         0.00    0.00% search
c         0.00    0.00% simplify
c   =================================
c         0.00    0.44% solve
c 
c last line shows process time for solving
c (percentage relative to total process time)
c 
c --- [ statistics ] ---------------------------------------------------------
c 
c fixed:                       133         0.57 %  of all variables
c minimized:                     0         0.00 %  learned literals
c shrunken:                      0         0.00 %  learned literals
c minishrunken:                  0         0.00 %  learned literals
c propagations:                133         3.24 M  per second
c 
c seconds are measured in process time for solving
c 
c --- [ resources ] ----------------------------------------------------------
c 
c total process time since initialization:         0.01    seconds
c total real time since initialization:            0.01    seconds
c maximum resident set size of process:         6064.00    MB
c 
c --- [ shutting down ] ------------------------------------------------------
c 
c exit 20
